// Jest Snapshot v1, https://goo.gl/fbAQLP

exports[`App has a valid snapshot 1`] = `
<div
  className="page"
>
  <div
    className="interactions"
  >
    <form
      onSubmit={[Function]}
    >
      <input
        onChange={[Function]}
        type="text"
        value="redux"
      />
      <button
        type="submit"
      >
        Search
      </button>
    </form>
  </div>
  <div
    className="table"
  >
    <div
      className="table-header"
    >
      <span
        style={
          Object {
            "width": "40%",
          }
        }
      >
        <div>
          <button
            className="button-inline"
            onClick={[Function]}
            type="button"
          >
            Title
          </button>
          <svg
            aria-hidden="true"
            className="svg-inline--fa fa-sort fa-w-10 "
            data-icon="sort"
            data-prefix="fas"
            focusable="false"
            role="img"
            style={
              Object {
                "marginLeft": "10px",
              }
            }
            viewBox="0 0 320 512"
            xmlns="http://www.w3.org/2000/svg"
          >
            <path
              d="M41 288h238c21.4 0 32.1 25.9 17 41L177 448c-9.4 9.4-24.6 9.4-33.9 0L24 329c-15.1-15.1-4.4-41 17-41zm255-105L177 64c-9.4-9.4-24.6-9.4-33.9 0L24 183c-15.1 15.1-4.4 41 17 41h238c21.4 0 32.1-25.9 17-41z"
              fill="currentColor"
              style={Object {}}
            />
          </svg>
        </div>
      </span>
      <span
        style={
          Object {
            "width": "30%",
          }
        }
      >
        <div>
          <button
            className="button-inline"
            onClick={[Function]}
            type="button"
          >
            Author
          </button>
          <svg
            aria-hidden="true"
            className="svg-inline--fa fa-sort fa-w-10 "
            data-icon="sort"
            data-prefix="fas"
            focusable="false"
            role="img"
            style={
              Object {
                "marginLeft": "10px",
              }
            }
            viewBox="0 0 320 512"
            xmlns="http://www.w3.org/2000/svg"
          >
            <path
              d="M41 288h238c21.4 0 32.1 25.9 17 41L177 448c-9.4 9.4-24.6 9.4-33.9 0L24 329c-15.1-15.1-4.4-41 17-41zm255-105L177 64c-9.4-9.4-24.6-9.4-33.9 0L24 183c-15.1 15.1-4.4 41 17 41h238c21.4 0 32.1-25.9 17-41z"
              fill="currentColor"
              style={Object {}}
            />
          </svg>
        </div>
      </span>
      <span
        style={
          Object {
            "width": "10%",
          }
        }
      >
        <div>
          <button
            className="button-inline"
            onClick={[Function]}
            type="button"
          >
            Comments
          </button>
          <svg
            aria-hidden="true"
            className="svg-inline--fa fa-sort fa-w-10 "
            data-icon="sort"
            data-prefix="fas"
            focusable="false"
            role="img"
            style={
              Object {
                "marginLeft": "10px",
              }
            }
            viewBox="0 0 320 512"
            xmlns="http://www.w3.org/2000/svg"
          >
            <path
              d="M41 288h238c21.4 0 32.1 25.9 17 41L177 448c-9.4 9.4-24.6 9.4-33.9 0L24 329c-15.1-15.1-4.4-41 17-41zm255-105L177 64c-9.4-9.4-24.6-9.4-33.9 0L24 183c-15.1 15.1-4.4 41 17 41h238c21.4 0 32.1-25.9 17-41z"
              fill="currentColor"
              style={Object {}}
            />
          </svg>
        </div>
      </span>
      <span
        style={
          Object {
            "width": "10%",
          }
        }
      >
        <div>
          <button
            className="button-inline"
            onClick={[Function]}
            type="button"
          >
            Points
          </button>
          <svg
            aria-hidden="true"
            className="svg-inline--fa fa-sort fa-w-10 "
            data-icon="sort"
            data-prefix="fas"
            focusable="false"
            role="img"
            style={
              Object {
                "marginLeft": "10px",
              }
            }
            viewBox="0 0 320 512"
            xmlns="http://www.w3.org/2000/svg"
          >
            <path
              d="M41 288h238c21.4 0 32.1 25.9 17 41L177 448c-9.4 9.4-24.6 9.4-33.9 0L24 329c-15.1-15.1-4.4-41 17-41zm255-105L177 64c-9.4-9.4-24.6-9.4-33.9 0L24 183c-15.1 15.1-4.4 41 17 41h238c21.4 0 32.1-25.9 17-41z"
              fill="currentColor"
              style={Object {}}
            />
          </svg>
        </div>
      </span>
      <span
        style={
          Object {
            "width": "10%",
          }
        }
      >
        Archive
      </span>
    </div>
  </div>
  <div
    className="interactions"
  >
    <svg
      aria-hidden="true"
      className="svg-inline--fa fa-spinner fa-w-16 fa-spin fa-3x "
      data-icon="spinner"
      data-prefix="fas"
      focusable="false"
      role="img"
      style={Object {}}
      viewBox="0 0 512 512"
      xmlns="http://www.w3.org/2000/svg"
    >
      <path
        d="M304 48c0 26.51-21.49 48-48 48s-48-21.49-48-48 21.49-48 48-48 48 21.49 48 48zm-48 368c-26.51 0-48 21.49-48 48s21.49 48 48 48 48-21.49 48-48-21.49-48-48-48zm208-208c-26.51 0-48 21.49-48 48s21.49 48 48 48 48-21.49 48-48-21.49-48-48-48zM96 256c0-26.51-21.49-48-48-48S0 229.49 0 256s21.49 48 48 48 48-21.49 48-48zm12.922 99.078c-26.51 0-48 21.49-48 48s21.49 48 48 48 48-21.49 48-48c0-26.509-21.491-48-48-48zm294.156 0c-26.51 0-48 21.49-48 48s21.49 48 48 48 48-21.49 48-48c0-26.509-21.49-48-48-48zM108.922 60.922c-26.51 0-48 21.49-48 48s21.49 48 48 48 48-21.49 48-48-21.491-48-48-48z"
        fill="currentColor"
        style={Object {}}
      />
    </svg>
  </div>
</div>
`;
