// Jest Snapshot v1, https://goo.gl/fbAQLP

exports[`Table has a valid snapshot 1`] = `
<div
  className="table"
>
  <div
    className="table-header"
  >
    <span
      style={
        Object {
          "width": "40%",
        }
      }
    >
      <div>
        <button
          className="button-inline"
          onClick={[Function]}
          type="button"
        >
          Title
        </button>
        <svg
          aria-hidden="true"
          className="svg-inline--fa fa-sort fa-w-10 "
          data-icon="sort"
          data-prefix="fas"
          focusable="false"
          role="img"
          style={
            Object {
              "marginLeft": "10px",
            }
          }
          viewBox="0 0 320 512"
          xmlns="http://www.w3.org/2000/svg"
        >
          <path
            d="M41 288h238c21.4 0 32.1 25.9 17 41L177 448c-9.4 9.4-24.6 9.4-33.9 0L24 329c-15.1-15.1-4.4-41 17-41zm255-105L177 64c-9.4-9.4-24.6-9.4-33.9 0L24 183c-15.1 15.1-4.4 41 17 41h238c21.4 0 32.1-25.9 17-41z"
            fill="currentColor"
            style={Object {}}
          />
        </svg>
      </div>
    </span>
    <span
      style={
        Object {
          "width": "30%",
        }
      }
    >
      <div>
        <button
          className="button-inline"
          onClick={[Function]}
          type="button"
        >
          Author
        </button>
        <svg
          aria-hidden="true"
          className="svg-inline--fa fa-sort fa-w-10 "
          data-icon="sort"
          data-prefix="fas"
          focusable="false"
          role="img"
          style={
            Object {
              "marginLeft": "10px",
            }
          }
          viewBox="0 0 320 512"
          xmlns="http://www.w3.org/2000/svg"
        >
          <path
            d="M41 288h238c21.4 0 32.1 25.9 17 41L177 448c-9.4 9.4-24.6 9.4-33.9 0L24 329c-15.1-15.1-4.4-41 17-41zm255-105L177 64c-9.4-9.4-24.6-9.4-33.9 0L24 183c-15.1 15.1-4.4 41 17 41h238c21.4 0 32.1-25.9 17-41z"
            fill="currentColor"
            style={Object {}}
          />
        </svg>
      </div>
    </span>
    <span
      style={
        Object {
          "width": "10%",
        }
      }
    >
      <div>
        <button
          className="button-inline"
          onClick={[Function]}
          type="button"
        >
          Comments
        </button>
        <svg
          aria-hidden="true"
          className="svg-inline--fa fa-sort fa-w-10 "
          data-icon="sort"
          data-prefix="fas"
          focusable="false"
          role="img"
          style={
            Object {
              "marginLeft": "10px",
            }
          }
          viewBox="0 0 320 512"
          xmlns="http://www.w3.org/2000/svg"
        >
          <path
            d="M41 288h238c21.4 0 32.1 25.9 17 41L177 448c-9.4 9.4-24.6 9.4-33.9 0L24 329c-15.1-15.1-4.4-41 17-41zm255-105L177 64c-9.4-9.4-24.6-9.4-33.9 0L24 183c-15.1 15.1-4.4 41 17 41h238c21.4 0 32.1-25.9 17-41z"
            fill="currentColor"
            style={Object {}}
          />
        </svg>
      </div>
    </span>
    <span
      style={
        Object {
          "width": "10%",
        }
      }
    >
      <div>
        <button
          className="button-inline"
          onClick={[Function]}
          type="button"
        >
          Points
        </button>
        <svg
          aria-hidden="true"
          className="svg-inline--fa fa-sort fa-w-10 "
          data-icon="sort"
          data-prefix="fas"
          focusable="false"
          role="img"
          style={
            Object {
              "marginLeft": "10px",
            }
          }
          viewBox="0 0 320 512"
          xmlns="http://www.w3.org/2000/svg"
        >
          <path
            d="M41 288h238c21.4 0 32.1 25.9 17 41L177 448c-9.4 9.4-24.6 9.4-33.9 0L24 329c-15.1-15.1-4.4-41 17-41zm255-105L177 64c-9.4-9.4-24.6-9.4-33.9 0L24 183c-15.1 15.1-4.4 41 17 41h238c21.4 0 32.1-25.9 17-41z"
            fill="currentColor"
            style={Object {}}
          />
        </svg>
      </div>
    </span>
    <span
      style={
        Object {
          "width": "10%",
        }
      }
    >
      Archive
    </span>
  </div>
  <div
    className="table-row"
  >
    <span
      style={
        Object {
          "width": "40%",
        }
      }
    >
      <a>
        1
      </a>
    </span>
    <span
      style={
        Object {
          "width": "30%",
        }
      }
    >
      1
    </span>
    <span
      style={
        Object {
          "width": "10%",
        }
      }
    >
      1
    </span>
    <span
      style={
        Object {
          "width": "10%",
        }
      }
    >
      2
    </span>
    <span
      style={
        Object {
          "width": "10%",
        }
      }
    >
      <button
        className="button-inline"
        onClick={[Function]}
        type="button"
      >
        Dismiss
      </button>
    </span>
  </div>
  <div
    className="table-row"
  >
    <span
      style={
        Object {
          "width": "40%",
        }
      }
    >
      <a>
        2
      </a>
    </span>
    <span
      style={
        Object {
          "width": "30%",
        }
      }
    >
      2
    </span>
    <span
      style={
        Object {
          "width": "10%",
        }
      }
    >
      1
    </span>
    <span
      style={
        Object {
          "width": "10%",
        }
      }
    >
      2
    </span>
    <span
      style={
        Object {
          "width": "10%",
        }
      }
    >
      <button
        className="button-inline"
        onClick={[Function]}
        type="button"
      >
        Dismiss
      </button>
    </span>
  </div>
</div>
`;
